Loading weights:   0%|          | 0/290 [00:00<?, ?it/s]Loading weights:  55%|█████▍    | 159/290 [00:00<00:00, 1574.12it/s]Loading weights: 100%|██████████| 290/290 [00:00<00:00, 1960.46it/s]
[scout s7c_m204_o954_d643] trainable bridge params: ['W_mouth.weight', 'aux_head.weight', 'read_proj.weight', 'write_proj.weight']
[scout s7c_m204_o954_d643] step 0: probe {'l0': 0.1111, 'l1': 0.0556, 'diag2': 0.05, 'diag3': 0.05}
/workspace/populus/scripts/bridge_scout_s7.py:144: UserWarning: Converting a tensor with requires_grad=True to a scalar may lead to unexpected behavior.
Consider using tensor.detach() first. (Triggered internally at /__w/pytorch/pytorch/torch/csrc/autograd/generated/python_variable_methods.cpp:822.)
  total += float(loss) * w
[scout s7c_m204_o954_d643] step 250: loss 4.084 probe {'l0': 0.3333, 'l1': 0.1667, 'diag2': 0.0833, 'diag3': 0.0833}
[scout s7c_m204_o954_d643] step 500: loss 4.258 probe {'l0': 0.6667, 'l1': 0.0, 'diag2': 0.05, 'diag3': 0.0333}
[scout s7c_m204_o954_d643] step 750: loss 4.234 probe {'l0': 1.0, 'l1': 0.0, 'diag2': 0.0667, 'diag3': 0.1}
[scout s7c_m204_o954_d643] step 1000: loss 4.123 probe {'l0': 1.0, 'l1': 0.1111, 'diag2': 0.0833, 'diag3': 0.1}
[scout s7c_m204_o954_d643] step 1250: loss 4.119 probe {'l0': 1.0, 'l1': 0.1111, 'diag2': 0.0833, 'diag3': 0.0833}
[scout s7c_m204_o954_d643] step 1500: loss 3.836 probe {'l0': 1.0, 'l1': 0.1667, 'diag2': 0.0667, 'diag3': 0.1}
[scout s7c_m204_o954_d643] step 1750: loss 3.882 probe {'l0': 1.0, 'l1': 0.1667, 'diag2': 0.1167, 'diag3': 0.1333}
[scout s7c_m204_o954_d643] step 2000: loss 4.016 probe {'l0': 1.0, 'l1': 0.1667, 'diag2': 0.1167, 'diag3': 0.1167}
[scout s7c_m204_o954_d643] step 2250: loss 3.666 probe {'l0': 1.0, 'l1': 0.6667, 'diag2': 0.1167, 'diag3': 0.1167}
[scout s7c_m204_o954_d643] step 2500: loss 2.804 probe {'l0': 1.0, 'l1': 0.8333, 'diag2': 0.2, 'diag3': 0.2167}
[scout s7c_m204_o954_d643] step 2750: loss 1.297 probe {'l0': 1.0, 'l1': 1.0, 'diag2': 0.7833, 'diag3': 0.5167}
[scout s7c_m204_o954_d643] step 3000: loss 0.215 probe {'l0': 1.0, 'l1': 1.0, 'diag2': 0.9, 'diag3': 0.75}
[scout s7c_m204_o954_d643] step 3250: loss 0.055 probe {'l0': 1.0, 'l1': 1.0, 'diag2': 0.9167, 'diag3': 0.85}
[scout s7c_m204_o954_d643] step 3500: loss 0.030 probe {'l0': 1.0, 'l1': 1.0, 'diag2': 0.9167, 'diag3': 0.8333}
[scout s7c_m204_o954_d643] step 3750: loss 0.019 probe {'l0': 1.0, 'l1': 1.0, 'diag2': 0.9167, 'diag3': 0.85}
[scout s7c_m204_o954_d643] step 4000: loss 0.014 probe {'l0': 1.0, 'l1': 1.0, 'diag2': 0.9167, 'diag3': 0.85}
[scout s7c_m204_o954_d643] step 4250: loss 0.010 probe {'l0': 1.0, 'l1': 1.0, 'diag2': 0.9167, 'diag3': 0.8333}
[scout s7c_m204_o954_d643] step 4500: loss 0.009 probe {'l0': 1.0, 'l1': 1.0, 'diag2': 0.9167, 'diag3': 0.85}
[scout s7c_m204_o954_d643] step 4750: loss 0.007 probe {'l0': 1.0, 'l1': 1.0, 'diag2': 0.9167, 'diag3': 0.8333}
[scout s7c_m204_o954_d643] step 5000: loss 0.006 probe {'l0': 1.0, 'l1': 1.0, 'diag2': 0.9167, 'diag3': 0.8667}
S7_DONE s7c_m204_o954_d643 final {'l0': 1.0, 'l1': 0.9502, 'diag2': 0.8554, 'diag3': 0.8574} cut {'l0': 0.0588, 'l1': 0.0588, 'diag2': 0.0588, 'diag3': 0.0588}
