Loading weights:   0%|          | 0/290 [00:00<?, ?it/s]Loading weights:  56%|█████▌    | 161/290 [00:00<00:00, 1608.53it/s]Loading weights: 100%|██████████| 290/290 [00:00<00:00, 2009.24it/s]
[scout s7b_m203_o953_d645] trainable bridge params: ['W_mouth.weight', 'aux_head.weight', 'read_proj.weight', 'write_proj.weight']
[scout s7b_m203_o953_d645] step 0: probe {'l0': 1.0, 'l1': 0.0556, 'diag2': 0.0833, 'diag3': 0.0833}
/workspace/populus/scripts/bridge_scout_s7.py:144: UserWarning: Converting a tensor with requires_grad=True to a scalar may lead to unexpected behavior.
Consider using tensor.detach() first. (Triggered internally at /__w/pytorch/pytorch/torch/csrc/autograd/generated/python_variable_methods.cpp:822.)
  total += float(loss) * w
[scout s7b_m203_o953_d645] step 250: loss 3.526 probe {'l0': 1.0, 'l1': 0.0556, 'diag2': 0.1, 'diag3': 0.05}
[scout s7b_m203_o953_d645] step 500: loss 3.486 probe {'l0': 1.0, 'l1': 0.2778, 'diag2': 0.0667, 'diag3': 0.0833}
[scout s7b_m203_o953_d645] step 750: loss 2.806 probe {'l0': 1.0, 'l1': 0.7222, 'diag2': 0.2, 'diag3': 0.2167}
[scout s7b_m203_o953_d645] step 1000: loss 1.524 probe {'l0': 1.0, 'l1': 0.9444, 'diag2': 0.4333, 'diag3': 0.4167}
[scout s7b_m203_o953_d645] step 1250: loss 0.244 probe {'l0': 1.0, 'l1': 0.8889, 'diag2': 0.7167, 'diag3': 0.4667}
[scout s7b_m203_o953_d645] step 1500: loss 0.099 probe {'l0': 1.0, 'l1': 1.0, 'diag2': 0.8, 'diag3': 0.4833}
[scout s7b_m203_o953_d645] step 1750: loss 0.033 probe {'l0': 1.0, 'l1': 1.0, 'diag2': 0.8333, 'diag3': 0.5}
[scout s7b_m203_o953_d645] step 2000: loss 0.001 probe {'l0': 1.0, 'l1': 1.0, 'diag2': 0.8167, 'diag3': 0.5}
[scout s7b_m203_o953_d645] step 2250: loss 0.000 probe {'l0': 1.0, 'l1': 1.0, 'diag2': 0.8333, 'diag3': 0.5}
[scout s7b_m203_o953_d645] step 2500: loss 0.000 probe {'l0': 1.0, 'l1': 1.0, 'diag2': 0.8333, 'diag3': 0.5}
[scout s7b_m203_o953_d645] step 2750: loss 0.000 probe {'l0': 1.0, 'l1': 1.0, 'diag2': 0.8333, 'diag3': 0.5}
[scout s7b_m203_o953_d645] step 3000: loss 0.000 probe {'l0': 1.0, 'l1': 1.0, 'diag2': 0.8333, 'diag3': 0.5}
[scout s7b_m203_o953_d645] step 3250: loss 0.000 probe {'l0': 1.0, 'l1': 1.0, 'diag2': 0.8333, 'diag3': 0.5}
[scout s7b_m203_o953_d645] step 3500: loss 0.000 probe {'l0': 1.0, 'l1': 1.0, 'diag2': 0.8333, 'diag3': 0.5}
[scout s7b_m203_o953_d645] step 3750: loss 0.000 probe {'l0': 1.0, 'l1': 1.0, 'diag2': 0.8333, 'diag3': 0.5}
[scout s7b_m203_o953_d645] step 4000: loss 0.000 probe {'l0': 1.0, 'l1': 1.0, 'diag2': 0.8333, 'diag3': 0.5}
[scout s7b_m203_o953_d645] step 4250: loss 0.000 probe {'l0': 1.0, 'l1': 1.0, 'diag2': 0.8333, 'diag3': 0.5}
[scout s7b_m203_o953_d645] step 4500: loss 0.000 probe {'l0': 1.0, 'l1': 1.0, 'diag2': 0.8333, 'diag3': 0.5}
[scout s7b_m203_o953_d645] step 4750: loss 0.000 probe {'l0': 1.0, 'l1': 1.0, 'diag2': 0.8333, 'diag3': 0.5}
[scout s7b_m203_o953_d645] step 5000: loss 0.000 probe {'l0': 1.0, 'l1': 1.0, 'diag2': 0.8333, 'diag3': 0.5}
S7_DONE s7b_m203_o953_d645 final {'l0': 1.0, 'l1': 0.866, 'diag2': 0.7402, 'diag3': 0.6877} cut {'l0': 0.0588, 'l1': 0.0588, 'diag2': 0.0588, 'diag3': 0.0588}
