START p1_harvest_P_m200_o950
DONE p1_harvest_P_m200_o950
START p1_harvest_P_m201_o951
DONE p1_harvest_P_m201_o951
START p1_harvest_P_m203_o903
DONE p1_harvest_P_m203_o903
START p1_harvest_P_m203_o953
DONE p1_harvest_P_m203_o953
START p1_harvest_P_m204_o904
DONE p1_harvest_P_m204_o904
START p1_harvest_P_m204_o954
DONE p1_harvest_P_m204_o954
START p1_fit_maps
DONE p1_fit_maps
START p1_seal
sealed: ['P_m200_o950', 'P_m201_o951', 'P_m203_o903', 'P_m203_o953', 'P_m204_o904', 'P_m204_o954']
DONE p1_seal
START p1_eval_P_m200_o950
DONE p1_eval_P_m200_o950
START p1_eval_P_m201_o951
DONE p1_eval_P_m201_o951
START p1_eval_P_m203_o903
DONE p1_eval_P_m203_o903
START p1_eval_P_m203_o953
DONE p1_eval_P_m203_o953
START p1_eval_P_m204_o904
DONE p1_eval_P_m204_o904
START p1_eval_P_m204_o954
DONE p1_eval_P_m204_o954
START p2_P_m200_o950
DONE p2_P_m200_o950
START p2_P_m201_o951
DONE p2_P_m201_o951
START p2_P_m203_o903
DONE p2_P_m203_o903
START p2_P_m203_o953
DONE p2_P_m203_o953
START p2_P_m204_o904
DONE p2_P_m204_o904
START p2_P_m204_o954
DONE p2_P_m204_o954
START p2_G_m204_o954
DONE p2_G_m204_o954
LANE_COMPLETE
